// Jest Snapshot v1, https://goo.gl/fbAQLP

exports[`SSR renderToStaticMarkup() renders markup 1`] = `"<main><div>You are not logged in!</div><button type=\\"button\\" class=\\"a b c d e f g h i j k l m n o p q r s t u v w z a1\\">Login</button><button type=\\"button\\" class=\\"a b c d e f g h i j k l m n o p q r s t u v w z a1\\">Register</button></main>"`;

exports[`SSR renderToStaticMarkup() renders markup 2`] = `"<style  data-aesthetic-hydrate-index=\\"-1\\" data-aesthetic-rule-index=\\"40\\" data-aesthetic-type=\\"global\\" id=\\"aesthetic-global\\" media=\\"screen\\" type=\\"text/css\\"></style><style  data-aesthetic-hydrate-index=\\"40\\" data-aesthetic-rule-index=\\"40\\" data-aesthetic-type=\\"standard\\" id=\\"aesthetic-standard\\" media=\\"screen\\" type=\\"text/css\\">.a { appearance:none; }.b { background-color:var(--palette-brand-color-40); }.c { border:0; }.d { cursor:pointer; }.e { display:inline-flex; }.f { font-size:inherit; }.g { margin:0; }.h { padding:0; }.i { text-decoration:none; }.j { user-select:auto; }.k { vertical-align:middle; }.l { position:relative; }.m { text-align:center; }.n { color:var(--palette-neutral-color-00); }.o { border-color:var(--palette-neutral-color-40); }.p { border-style:solid; }.q { border-width:var(--border-df-width); }.r { border-radius:var(--border-df-radius); }.s:hover { background-color:var(--palette-brand-color-50); }.t:active { background-color:var(--palette-brand-color-60); }.u::-moz-focus-inner { border:0; }.v::-moz-focus-inner { padding:0; }.w::-moz-focus-inner { margin:0; }.x { min-width:7.50rem; }.y { padding:var(--spacing-sm) var(--spacing-df); }.z { min-width:10rem; }.a1 { padding:var(--spacing-df) var(--spacing-lg); }.b1 { min-width:12.50rem; }.c1 { padding:var(--spacing-lg) var(--spacing-xl); }.d1 { transition:all 1s; }.e1 { overflow-wrap:normal; }.f1 { word-wrap:normal; }.g1 { word-break:normal; }.h1 { display:block; }.i1 { width:100%; }.j1 { white-space:normal; }.k1 { overflow:hidden; }.l1 { opacity:0.4; }.m1 { opacity:0.5; }.n1 { opacity:0.6; }.o1 { transition:none; }</style><style  data-aesthetic-hydrate-index=\\"-1\\" data-aesthetic-rule-index=\\"40\\" data-aesthetic-type=\\"conditions\\" id=\\"aesthetic-conditions\\" media=\\"screen\\" type=\\"text/css\\"></style>"`;

exports[`SSR renderToString() renders markup 1`] = `"<main><div>You are not logged in!</div><button type=\\"button\\" class=\\"a b c d e f g h i j k l m n o p q r s t u v w z a1\\">Login</button><button type=\\"button\\" class=\\"a b c d e f g h i j k l m n o p q r s t u v w z a1\\">Register</button></main>"`;

exports[`SSR renderToString() renders markup 2`] = `"<style  data-aesthetic-hydrate-index=\\"-1\\" data-aesthetic-rule-index=\\"40\\" data-aesthetic-type=\\"global\\" id=\\"aesthetic-global\\" media=\\"screen\\" type=\\"text/css\\"></style><style  data-aesthetic-hydrate-index=\\"40\\" data-aesthetic-rule-index=\\"40\\" data-aesthetic-type=\\"standard\\" id=\\"aesthetic-standard\\" media=\\"screen\\" type=\\"text/css\\">.a { appearance:none; }.b { background-color:var(--palette-brand-color-40); }.c { border:0; }.d { cursor:pointer; }.e { display:inline-flex; }.f { font-size:inherit; }.g { margin:0; }.h { padding:0; }.i { text-decoration:none; }.j { user-select:auto; }.k { vertical-align:middle; }.l { position:relative; }.m { text-align:center; }.n { color:var(--palette-neutral-color-00); }.o { border-color:var(--palette-neutral-color-40); }.p { border-style:solid; }.q { border-width:var(--border-df-width); }.r { border-radius:var(--border-df-radius); }.s:hover { background-color:var(--palette-brand-color-50); }.t:active { background-color:var(--palette-brand-color-60); }.u::-moz-focus-inner { border:0; }.v::-moz-focus-inner { padding:0; }.w::-moz-focus-inner { margin:0; }.x { min-width:7.50rem; }.y { padding:var(--spacing-sm) var(--spacing-df); }.z { min-width:10rem; }.a1 { padding:var(--spacing-df) var(--spacing-lg); }.b1 { min-width:12.50rem; }.c1 { padding:var(--spacing-lg) var(--spacing-xl); }.d1 { transition:all 1s; }.e1 { overflow-wrap:normal; }.f1 { word-wrap:normal; }.g1 { word-break:normal; }.h1 { display:block; }.i1 { width:100%; }.j1 { white-space:normal; }.k1 { overflow:hidden; }.l1 { opacity:0.4; }.m1 { opacity:0.5; }.n1 { opacity:0.6; }.o1 { transition:none; }</style><style  data-aesthetic-hydrate-index=\\"-1\\" data-aesthetic-rule-index=\\"40\\" data-aesthetic-type=\\"conditions\\" id=\\"aesthetic-conditions\\" media=\\"screen\\" type=\\"text/css\\"></style>"`;
