// Jest Snapshot v1, https://goo.gl/fbAQLP

exports[`useCss() renders a button and its base styles 1`] = `".a {position: relative;}.b {display: inline-flex;}.c {text-align: center;}.d {padding: 8px;}"`;
