// Jest Snapshot v1, https://goo.gl/fbAQLP

exports[`useStyles() renders a button and its base styles 1`] = `".a {appearance: none;}.b {background-color: var(--palette-brand-color-40);}.c {border: 0;}.d {cursor: pointer;}.e {display: inline-flex;}.f {font-size: inherit;}.g {margin: 0;}.h {padding: 0;}.i {text-decoration: none;}.j {user-select: auto;}.k {vertical-align: middle;}.l {position: relative;}.m {text-align: center;}.n {color: var(--palette-neutral-color-00);}.o {border-color: var(--palette-neutral-color-40);}.p {border-style: solid;}.q {border-width: var(--border-df-width);}.r {border-radius: var(--border-df-radius);}.s:hover {background-color: var(--palette-brand-color-50);}.t:active {background-color: var(--palette-brand-color-60);}.u::-moz-focus-inner {border: 0;}.v::-moz-focus-inner {padding: 0;}.w::-moz-focus-inner {margin: 0;}.x {min-width: 7.50rem;}.y {padding: var(--spacing-sm) var(--spacing-df);}.z {min-width: 10rem;}.a1 {padding: var(--spacing-df) var(--spacing-md);}.b1 {min-width: 12.50rem;}.c1 {padding: var(--spacing-md) var(--spacing-lg);}.d1 {overflow-wrap: normal;}.e1 {word-wrap: normal;}.f1 {word-break: normal;}.g1 {display: block;}.h1 {width: 100%;}.i1 {white-space: normal;}.j1 {overflow: hidden;}.k1 {opacity: 0.4;}.l1 {opacity: 0.5;}.m1 {opacity: 0.6;}"`;
