// Jest Snapshot v1, https://goo.gl/fbAQLP

exports[`withStyles() renders a button and its base styles 1`] = `".a {appearance: none;}.b {background-color: var(--palette-brand-color-40);}.c {border: 0;}.d {cursor: pointer;}.e {display: inline-flex;}.f {font-size: inherit;}.g {margin: 0;}.h {padding: 0;}.i {text-decoration: none;}.j {user-select: auto;}.k {vertical-align: middle;}.l {border-color: var(--palette-neutral-color-40);}.m {border-style: solid;}.n {border-width: var(--border-df-width);}.o {border-radius: var(--border-df-radius);}.p {position: relative;}.q {text-align: center;}.r {color: var(--palette-neutral-color-00);}.s:hover {background-color: var(--palette-brand-color-50);}.t:active {background-color: var(--palette-brand-color-60);}.u::-moz-focus-inner {border: 0;}.v::-moz-focus-inner {padding: 0;}.w::-moz-focus-inner {margin: 0;}.x {min-width: 7.50rem;}.y {padding-top: var(--spacing-sm);}.z {padding-bottom: var(--spacing-sm);}.a1 {padding-left: var(--spacing-df);}.b1 {padding-right: var(--spacing-df);}.c1 {min-width: 10rem;}.d1 {padding-top: var(--spacing-df);}.e1 {padding-bottom: var(--spacing-df);}.f1 {padding-left: var(--spacing-md);}.g1 {padding-right: var(--spacing-md);}.h1 {min-width: 12.50rem;}.i1 {padding-top: var(--spacing-md);}.j1 {padding-bottom: var(--spacing-md);}.k1 {padding-left: var(--spacing-lg);}.l1 {padding-right: var(--spacing-lg);}.m1 {overflow-wrap: normal;}.n1 {word-wrap: normal;}.o1 {word-break: normal;}.p1 {display: block;}.q1 {width: 100%;}.r1 {white-space: normal;}.s1 {overflow: hidden;}.t1 {opacity: 0.4;}.u1 {opacity: 0.5;}.v1 {opacity: 0.6;}.a {appearance: none;}.b {background-color: var(--palette-brand-color-40);}.c {border: 0;}.d {cursor: pointer;}.e {display: inline-flex;}.f {font-size: inherit;}.g {margin: 0;}.h {padding: 0;}.i {text-decoration: none;}.j {user-select: auto;}.k {vertical-align: middle;}.l {border-color: var(--palette-neutral-color-40);}.m {border-style: solid;}.n {border-width: var(--border-df-width);}.o {border-radius: var(--border-df-radius);}.p {position: relative;}.q {text-align: center;}.r {color: var(--palette-neutral-color-00);}.s:hover {background-color: var(--palette-brand-color-50);}.t:active {background-color: var(--palette-brand-color-60);}.u::-moz-focus-inner {border: 0;}.v::-moz-focus-inner {padding: 0;}.w::-moz-focus-inner {margin: 0;}.x {min-width: 7.50rem;}.y {padding-top: var(--spacing-sm);}.z {padding-bottom: var(--spacing-sm);}.a1 {padding-left: var(--spacing-df);}.b1 {padding-right: var(--spacing-df);}.c1 {min-width: 10rem;}.d1 {padding-top: var(--spacing-df);}.e1 {padding-bottom: var(--spacing-df);}.f1 {padding-left: var(--spacing-md);}.g1 {padding-right: var(--spacing-md);}.h1 {min-width: 12.50rem;}.i1 {padding-top: var(--spacing-md);}.j1 {padding-bottom: var(--spacing-md);}.k1 {padding-left: var(--spacing-lg);}.l1 {padding-right: var(--spacing-lg);}.m1 {overflow-wrap: normal;}.n1 {word-wrap: normal;}.o1 {word-break: normal;}.p1 {display: block;}.q1 {width: 100%;}.r1 {white-space: normal;}.s1 {overflow: hidden;}.t1 {opacity: 0.4;}.u1 {opacity: 0.5;}.v1 {opacity: 0.6;}"`;
