// Jest Snapshot v1, https://goo.gl/fbAQLP

exports[`Input renders the input styles 1`] = `".ctfda3b {width: 100%;}.c1s7hmty {display: block;}.c1u0bpqh {color: var(--palette-neutral-text);}.cwk51if {background-color: var(--palette-neutral-color-00);}.cfrhdt4 {border-color: var(--palette-neutral-bg-base);}.cfdmyha {border-style: solid;}.c16lb9qp {appearance: none;}.cxfr5f3 {outline: none;}.c13kbekr {margin: 0;}.cqmlbj8 {padding: 0;}.c2uri1o {z-index: 0;}.cnv1cj2:disabled {cursor: default;}.c1oxedqq::placeholder {color: var(--palette-muted-text);}.c1kgx3tq {border-color: var(--palette-negative-bg-base);}.c91s500:focus {border-color: var(--palette-negative-bg-focused);}.c2c8ej4:hover {border-color: var(--palette-negative-bg-hovered);}.c1ljzbl:disabled {border-color: var(--palette-negative-bg-disabled);}.cxxlv8:disabled {color: var(--palette-negative-fg-disabled);}.c1syia52 {border-color: var(--palette-positive-bg-base);}.c1lipdso:focus {border-color: var(--palette-positive-bg-focused);}.c1tga120:hover {border-color: var(--palette-positive-bg-hovered);}.c1857xzt:disabled {border-color: var(--palette-positive-bg-disabled);}.c16kxa2k:disabled {color: var(--palette-positive-fg-disabled);}.c179czo1 {border-color: var(--palette-primary-bg-base);}.cg3llcv:focus {border-color: var(--palette-primary-bg-focused);}.c1fcxwbj:hover {border-color: var(--palette-primary-bg-hovered);}.c12f7n4u:disabled {border-color: var(--palette-primary-bg-disabled);}.cua9xzv:disabled {color: var(--palette-primary-fg-disabled);}.cin4dcn {border-color: var(--palette-warning-bg-base);}.c1woskih:focus {border-color: var(--palette-warning-bg-focused);}.cdsjra1:hover {border-color: var(--palette-warning-bg-hovered);}.cfjma3c:disabled {border-color: var(--palette-warning-bg-disabled);}.co7eq8t:disabled {color: var(--palette-warning-fg-disabled);}.c1e95qeq {border-width: var(--border-sm-width);}.c1q9bcr2 {border-width: var(--border-df-width);}.c1xgoolj {border-width: var(--border-lg-width);}.c18kfffx {border-radius: 100px;}.c18pn6tu {border-radius: var(--border-sm-radius);}.c1rooa26 {border-radius: var(--border-df-radius);}.cmt9y9z {border-radius: var(--border-lg-radius);}.c433b9o {border-radius: 0;}.cxzk1cy {line-height: var(--text-sm-line-height);}.c1qx7d18 {font-size: var(--text-sm-size);}.cfnwgvv {padding: 0.31rem 0.94rem;}.c1ts5a2r {min-width: 70px;}.c1q1da5a {line-height: var(--text-df-line-height);}.cpfxegw {font-size: var(--text-df-size);}.c1rmjobf {padding: 0.94rem 1.56rem;}.cjjixdc {min-width: 87.5px;}.c10l4oaf {line-height: var(--text-lg-line-height);}.ckfuq95 {font-size: var(--text-lg-size);}.c14wns5t {padding: 1.56rem 2.50rem;}.cwb63sg {min-width: 105px;}"`;
