// Jest Snapshot v1, https://goo.gl/fbAQLP

exports[`useHeading() renders default styles 1`] = `".c6u9ihh {font-family: var(--typography-font-heading);}.c9kwtas {line-height: var(--heading-l1-line-height);}.crgd4fe {font-size: var(--heading-l1-size);}.c1d7w45w {letter-spacing: var(--heading-l1-letter-spacing);}.c16vs593 {line-height: var(--heading-l2-line-height);}.c8hudd5 {font-size: var(--heading-l2-size);}.c15w79fb {letter-spacing: var(--heading-l2-letter-spacing);}.c1kouy52 {line-height: var(--heading-l3-line-height);}.c1nd9zqg {font-size: var(--heading-l3-size);}.c1qysrx2 {letter-spacing: var(--heading-l3-letter-spacing);}.c1v9whox {line-height: var(--heading-l4-line-height);}.c1rd0vjj {font-size: var(--heading-l4-size);}.c1y683ht {letter-spacing: var(--heading-l4-letter-spacing);}.c1vbmpn4 {line-height: var(--heading-l5-line-height);}.c1925epa {font-size: var(--heading-l5-size);}.ck7pk0g {letter-spacing: var(--heading-l5-letter-spacing);}.ctldzmb {line-height: var(--heading-l6-line-height);}.cq3mnn1 {font-size: var(--heading-l6-size);}.ccw0p9v {letter-spacing: var(--heading-l6-letter-spacing);}"`;
