// Jest Snapshot v1, https://goo.gl/fbAQLP

exports[`useSpacing() renders default styles 1`] = `".a {padding: var(--spacing-all);}.b {padding: var(--spacing-xs);}.c {padding: var(--spacing-sm);}.d {padding: var(--spacing-df);}.e {padding: var(--spacing-lg);}.f {padding: var(--spacing-xl);}.g {padding-left: var(--spacing-horizontal);}.h {padding-right: var(--spacing-horizontal);}.i {padding-left: var(--spacing-xs);}.j {padding-right: var(--spacing-xs);}.k {padding-left: var(--spacing-sm);}.l {padding-right: var(--spacing-sm);}.m {padding-left: var(--spacing-df);}.n {padding-right: var(--spacing-df);}.o {padding-left: var(--spacing-lg);}.p {padding-right: var(--spacing-lg);}.q {padding-left: var(--spacing-xl);}.r {padding-right: var(--spacing-xl);}.s {padding-top: var(--spacing-vertical);}.t {padding-bottom: var(--spacing-vertical);}.u {padding-top: var(--spacing-xs);}.v {padding-bottom: var(--spacing-xs);}.w {padding-top: var(--spacing-sm);}.x {padding-bottom: var(--spacing-sm);}.y {padding-top: var(--spacing-df);}.z {padding-bottom: var(--spacing-df);}.a1 {padding-top: var(--spacing-lg);}.b1 {padding-bottom: var(--spacing-lg);}.c1 {padding-top: var(--spacing-xl);}.d1 {padding-bottom: var(--spacing-xl);}.e1 {padding-top: var(--spacing-top);}.f1 {padding-top: var(--spacing-xs);}.g1 {padding-top: var(--spacing-sm);}.h1 {padding-top: var(--spacing-df);}.i1 {padding-top: var(--spacing-lg);}.j1 {padding-top: var(--spacing-xl);}.k1 {padding-bottom: var(--spacing-bottom);}.l1 {padding-bottom: var(--spacing-xs);}.m1 {padding-bottom: var(--spacing-sm);}.n1 {padding-bottom: var(--spacing-df);}.o1 {padding-bottom: var(--spacing-lg);}.p1 {padding-bottom: var(--spacing-xl);}.q1 {padding-left: var(--spacing-start);}.r1 {padding-left: var(--spacing-xs);}.s1 {padding-left: var(--spacing-sm);}.t1 {padding-left: var(--spacing-df);}.u1 {padding-left: var(--spacing-lg);}.v1 {padding-left: var(--spacing-xl);}.w1 {padding-right: var(--spacing-end);}.x1 {padding-right: var(--spacing-xs);}.y1 {padding-right: var(--spacing-sm);}.z1 {padding-right: var(--spacing-df);}.a2 {padding-right: var(--spacing-lg);}.b2 {padding-right: var(--spacing-xl);}"`;
