// Jest Snapshot v1, https://goo.gl/fbAQLP

exports[`useShadow() renders default styles 1`] = `".cojt247 {box-shadow: var(--shadow-xs-x) var(--shadow-xs-y) var(--shadow-xs-blur) var(--shadow-xs-spread) var(--palette-neutral-color-90);}.c18eh7vb {box-shadow: var(--shadow-sm-x) var(--shadow-sm-y) var(--shadow-sm-blur) var(--shadow-sm-spread) var(--palette-neutral-color-90);}.c1a5uvxz {box-shadow: var(--shadow-md-x) var(--shadow-md-y) var(--shadow-md-blur) var(--shadow-md-spread) var(--palette-neutral-color-90);}.c5gogdz {box-shadow: var(--shadow-lg-x) var(--shadow-lg-y) var(--shadow-lg-blur) var(--shadow-lg-spread) var(--palette-neutral-color-90);}.ck6fuc7 {box-shadow: var(--shadow-xl-x) var(--shadow-xl-y) var(--shadow-xl-blur) var(--shadow-xl-spread) var(--palette-neutral-color-90);}"`;
