// Jest Snapshot v1, https://goo.gl/fbAQLP

exports[`Heading renders the title with default styles 1`] = `".c1u0bpqh {color: var(--palette-neutral-text);}.c13kbekr {margin: 0;}.cqmlbj8 {padding: 0;}.c1p4ubeg {text-align: start;}.cngw5jn {text-align: center;}.cix8cjb {text-align: end;}.caz11cm {text-align: justify;}.cnvui58 {overflow-wrap: break-word;}.cc50pji {word-wrap: break-word;}.c1gvf4w5 {word-break: break-word;}.cs4wsyb {overflow: hidden;}.csbu2xr {text-overflow: clip;}.c1a0rdy6 {white-space: nowrap;}.c1804rdo {text-overflow: ellipsis;}.c1xww3tf {overflow-wrap: normal;}.c1f1iw5d {word-wrap: normal;}.cn25lgq {word-break: normal;}.cazikuf {color: var(--palette-brand-text);}.c1vqss5s {color: var(--palette-primary-text);}.cfr0jfq {color: var(--palette-secondary-text);}.c6a1giw {color: var(--palette-tertiary-text);}.c1u0bpqh {color: var(--palette-neutral-text);}.c1srkb0x {color: var(--palette-muted-text);}.cbrsnfr {color: var(--palette-danger-text);}.c1jf621i {color: var(--palette-warning-text);}.cz13af3 {color: var(--palette-negative-text);}.c58kddj {color: var(--palette-positive-text);}.cfg0erx {text-transform: capitalize;}.c1551sry {text-transform: lowercase;}.cpe440f {text-transform: uppercase;}.c1hyqsgu {font-weight: inherit;}.c1wm2u8a {font-weight: 100;}.c96w0js {font-weight: 300;}.czkiasv {font-weight: 400;}.c1b6fj3h {font-weight: 600;}.cveu3s3 {font-weight: 800;}.c1hg8m62 {font-family: var(--typography-font-monospace);}.c6u9ihh {font-family: var(--typography-font-heading);}.c9kwtas {line-height: var(--heading-l1-line-height);}.crgd4fe {font-size: var(--heading-l1-size);}.c1d7w45w {letter-spacing: var(--heading-l1-letter-spacing);}.c16vs593 {line-height: var(--heading-l2-line-height);}.c8hudd5 {font-size: var(--heading-l2-size);}.c15w79fb {letter-spacing: var(--heading-l2-letter-spacing);}.c1kouy52 {line-height: var(--heading-l3-line-height);}.c1nd9zqg {font-size: var(--heading-l3-size);}.c1qysrx2 {letter-spacing: var(--heading-l3-letter-spacing);}.c1v9whox {line-height: var(--heading-l4-line-height);}.c1rd0vjj {font-size: var(--heading-l4-size);}.c1y683ht {letter-spacing: var(--heading-l4-letter-spacing);}.c1vbmpn4 {line-height: var(--heading-l5-line-height);}.c1925epa {font-size: var(--heading-l5-size);}.ck7pk0g {letter-spacing: var(--heading-l5-letter-spacing);}.ctldzmb {line-height: var(--heading-l6-line-height);}.cq3mnn1 {font-size: var(--heading-l6-size);}.ccw0p9v {letter-spacing: var(--heading-l6-letter-spacing);}"`;
