// Jest Snapshot v1, https://goo.gl/fbAQLP

exports[`Text renders the text styles 1`] = `".c1u0bpqh {color: var(--palette-neutral-text);}.c13kbekr {margin: 0;}.cqmlbj8 {padding: 0;}.c1p4ubeg {text-align: start;}.cngw5jn {text-align: center;}.cix8cjb {text-align: end;}.caz11cm {text-align: justify;}.cnvui58 {overflow-wrap: break-word;}.cc50pji {word-wrap: break-word;}.c1gvf4w5 {word-break: break-word;}.cs4wsyb {overflow: hidden;}.csbu2xr {text-overflow: clip;}.c1a0rdy6 {white-space: nowrap;}.c1804rdo {text-overflow: ellipsis;}.c1xww3tf {overflow-wrap: normal;}.c1f1iw5d {word-wrap: normal;}.cn25lgq {word-break: normal;}.cazikuf {color: var(--palette-brand-text);}.c1vqss5s {color: var(--palette-primary-text);}.cfr0jfq {color: var(--palette-secondary-text);}.c6a1giw {color: var(--palette-tertiary-text);}.c1u0bpqh {color: var(--palette-neutral-text);}.c1srkb0x {color: var(--palette-muted-text);}.cbrsnfr {color: var(--palette-danger-text);}.c1jf621i {color: var(--palette-warning-text);}.cz13af3 {color: var(--palette-negative-text);}.c58kddj {color: var(--palette-positive-text);}.cfg0erx {text-transform: capitalize;}.c1551sry {text-transform: lowercase;}.cpe440f {text-transform: uppercase;}.c1hyqsgu {font-weight: inherit;}.c1wm2u8a {font-weight: 100;}.c96w0js {font-weight: 300;}.czkiasv {font-weight: 400;}.c1b6fj3h {font-weight: 600;}.cveu3s3 {font-weight: 800;}.c1hg8m62 {font-family: var(--typography-font-monospace);}.cwhyrls {font-family: var(--typography-font-text);}.cxzk1cy {line-height: var(--text-sm-line-height);}.c1qx7d18 {font-size: var(--text-sm-size);}.c1q1da5a {line-height: var(--text-df-line-height);}.cpfxegw {font-size: var(--text-df-size);}.c10l4oaf {line-height: var(--text-lg-line-height);}.ckfuq95 {font-size: var(--text-lg-size);}"`;
