// Jest Snapshot v1, https://goo.gl/fbAQLP

exports[`Button renders the button styles 1`] = `".ceq1ljg {display: inline-flex;}.c193j6ji {flex-wrap: nowrap;}.c15h9hk8 {align-items: center;}.c1c51rl0 {justify-content: center;}.c1et6jhk {position: relative;}.cg4y2l6 {vertical-align: middle;}.cngw5jn {text-align: center;}.c1dh7ri5 {text-decoration: none;}.c3m4tha {font-weight: bold;}.cwhyrls {font-family: var(--typography-font-text);}.c16r1ggk {cursor: pointer;}.cfdmyha {border-style: solid;}.c1wb9a8i {border-width: 0;}.c13kbekr {margin: 0;}.cqmlbj8 {padding: 0;}.ccczif2::-moz-focus-inner {border: 0;}.c2oh6lf::-moz-focus-inner {padding: 0;}.c1kq5gr0::-moz-focus-inner {margin: 0;}.c1e95qeq {border-width: var(--border-sm-width);}.c1q9bcr2 {border-width: var(--border-df-width);}.c1xgoolj {border-width: var(--border-lg-width);}.c18kfffx {border-radius: 100px;}.c18pn6tu {border-radius: var(--border-sm-radius);}.c1rooa26 {border-radius: var(--border-df-radius);}.cmt9y9z {border-radius: var(--border-lg-radius);}.c433b9o {border-radius: 0;}.cxzk1cy {line-height: var(--text-sm-line-height);}.c1qx7d18 {font-size: var(--text-sm-size);}.cfnwgvv {padding: 0.31rem 0.94rem;}.c1ts5a2r {min-width: 70px;}.c1q1da5a {line-height: var(--text-df-line-height);}.cpfxegw {font-size: var(--text-df-size);}.c1rmjobf {padding: 0.94rem 1.56rem;}.cjjixdc {min-width: 87.5px;}.c10l4oaf {line-height: var(--text-lg-line-height);}.ckfuq95 {font-size: var(--text-lg-size);}.c14wns5t {padding: 1.56rem 2.50rem;}.cwb63sg {min-width: 105px;}.c1wgrz0j {color: var(--palette-brand-fg-base);}.csk11b8 {background-color: var(--palette-brand-bg-base);}.c106utie {border-color: var(--palette-brand-bg-base);}.c77d3kd:focus {color: var(--palette-brand-fg-focused);}.cmzxwoa:focus {background-color: var(--palette-brand-bg-focused);}.cd0ww14:focus {border-color: var(--palette-brand-bg-focused);}.caraxhp:hover {color: var(--palette-brand-fg-hovered);}.c35023u:hover {background-color: var(--palette-brand-bg-hovered);}.crk3i5k:hover {border-color: var(--palette-brand-bg-hovered);}.cf8q2zt:active {color: var(--palette-brand-fg-selected);}.clmb59q:active {background-color: var(--palette-brand-bg-selected);}.c14pd3cc:active {border-color: var(--palette-brand-bg-selected);}.c1rzzfsc:disabled {color: var(--palette-brand-fg-disabled);}.c16rcx3f:disabled {background-color: var(--palette-brand-bg-disabled);}.cikggy1:disabled {border-color: var(--palette-brand-bg-disabled);}.c1gc8cjr {color: var(--palette-brand-bg-base);}.c1o4xl7h {background-color: transparent;}.c106utie {border-color: var(--palette-brand-bg-base);}.ce50f61:focus {color: var(--palette-brand-bg-focused);}.c1blr05b:focus {background-color: var(--palette-brand-color-00);}.cd0ww14:focus {border-color: var(--palette-brand-bg-focused);}.chp41op:hover {color: var(--palette-brand-bg-hovered);}.c1gcr94l:hover {background-color: var(--palette-brand-color-00);}.crk3i5k:hover {border-color: var(--palette-brand-bg-hovered);}.chy8ujx:active {color: var(--palette-brand-bg-selected);}.c1do0jwe:active {background-color: var(--palette-brand-color-10);}.c14pd3cc:active {border-color: var(--palette-brand-bg-selected);}.c1icjc14:disabled {color: var(--palette-brand-bg-disabled);}.cng3lqv:disabled {background-color: transparent;}.cikggy1:disabled {border-color: var(--palette-brand-bg-disabled);}.c1gc8cjr {color: var(--palette-brand-bg-base);}.c1o4xl7h {background-color: transparent;}.c1oowyan {border-color: transparent;}.ce50f61:focus {color: var(--palette-brand-bg-focused);}.c1blr05b:focus {background-color: var(--palette-brand-color-00);}.c1a38a2l:focus {border-color: var(--palette-brand-color-00);}.chp41op:hover {color: var(--palette-brand-bg-hovered);}.c1gcr94l:hover {background-color: var(--palette-brand-color-00);}.c1eor5rr:hover {border-color: var(--palette-brand-color-00);}.chy8ujx:active {color: var(--palette-brand-bg-selected);}.c1do0jwe:active {background-color: var(--palette-brand-color-10);}.c1vk8rcs:active {border-color: var(--palette-brand-color-10);}.c1icjc14:disabled {color: var(--palette-brand-bg-disabled);}.cng3lqv:disabled {background-color: transparent;}.ceqmz9x:disabled {border-color: transparent;}.c1xwxy1g {color: var(--palette-primary-fg-base);}.c1bnser {background-color: var(--palette-primary-bg-base);}.c179czo1 {border-color: var(--palette-primary-bg-base);}.c10icsey:focus {color: var(--palette-primary-fg-focused);}.ckv942l:focus {background-color: var(--palette-primary-bg-focused);}.cg3llcv:focus {border-color: var(--palette-primary-bg-focused);}.cl8v8re:hover {color: var(--palette-primary-fg-hovered);}.cqmb2sd:hover {background-color: var(--palette-primary-bg-hovered);}.c1fcxwbj:hover {border-color: var(--palette-primary-bg-hovered);}.cmqesf2:active {color: var(--palette-primary-fg-selected);}.c1rr41bt:active {background-color: var(--palette-primary-bg-selected);}.cdega9n:active {border-color: var(--palette-primary-bg-selected);}.cua9xzv:disabled {color: var(--palette-primary-fg-disabled);}.cpsyx3w:disabled {background-color: var(--palette-primary-bg-disabled);}.c12f7n4u:disabled {border-color: var(--palette-primary-bg-disabled);}.c1vsx15c {color: var(--palette-primary-bg-base);}.c1o4xl7h {background-color: transparent;}.c179czo1 {border-color: var(--palette-primary-bg-base);}.c6iasta:focus {color: var(--palette-primary-bg-focused);}.c8hhxag:focus {background-color: var(--palette-primary-color-00);}.cg3llcv:focus {border-color: var(--palette-primary-bg-focused);}.c1q9riji:hover {color: var(--palette-primary-bg-hovered);}.c8r303m:hover {background-color: var(--palette-primary-color-00);}.c1fcxwbj:hover {border-color: var(--palette-primary-bg-hovered);}.c1yx7h3u:active {color: var(--palette-primary-bg-selected);}.c1my6fop:active {background-color: var(--palette-primary-color-10);}.cdega9n:active {border-color: var(--palette-primary-bg-selected);}.c1rg9pwf:disabled {color: var(--palette-primary-bg-disabled);}.cng3lqv:disabled {background-color: transparent;}.c12f7n4u:disabled {border-color: var(--palette-primary-bg-disabled);}.c1vsx15c {color: var(--palette-primary-bg-base);}.c1o4xl7h {background-color: transparent;}.c1oowyan {border-color: transparent;}.c6iasta:focus {color: var(--palette-primary-bg-focused);}.c8hhxag:focus {background-color: var(--palette-primary-color-00);}.ct0t556:focus {border-color: var(--palette-primary-color-00);}.c1q9riji:hover {color: var(--palette-primary-bg-hovered);}.c8r303m:hover {background-color: var(--palette-primary-color-00);}.ctfv874:hover {border-color: var(--palette-primary-color-00);}.c1yx7h3u:active {color: var(--palette-primary-bg-selected);}.c1my6fop:active {background-color: var(--palette-primary-color-10);}.cmdbuwb:active {border-color: var(--palette-primary-color-10);}.c1rg9pwf:disabled {color: var(--palette-primary-bg-disabled);}.cng3lqv:disabled {background-color: transparent;}.ceqmz9x:disabled {border-color: transparent;}.c927bz6 {color: var(--palette-secondary-fg-base);}.c8sudph {background-color: var(--palette-secondary-bg-base);}.ckdtkvb {border-color: var(--palette-secondary-bg-base);}.c2xcp0s:focus {color: var(--palette-secondary-fg-focused);}.chxneaz:focus {background-color: var(--palette-secondary-bg-focused);}.cmrvlpl:focus {border-color: var(--palette-secondary-bg-focused);}.c1t2phpo:hover {color: var(--palette-secondary-fg-hovered);}.ca3eu97:hover {background-color: var(--palette-secondary-bg-hovered);}.croqd2h:hover {border-color: var(--palette-secondary-bg-hovered);}.c15knnoo:active {color: var(--palette-secondary-fg-selected);}.cm51qj3:active {background-color: var(--palette-secondary-bg-selected);}.cd4ywjx:active {border-color: var(--palette-secondary-bg-selected);}.c1xcf90t:disabled {color: var(--palette-secondary-fg-disabled);}.c534xii:disabled {background-color: var(--palette-secondary-bg-disabled);}.c741620:disabled {border-color: var(--palette-secondary-bg-disabled);}.c8sgd0m {color: var(--palette-secondary-bg-base);}.c1o4xl7h {background-color: transparent;}.ckdtkvb {border-color: var(--palette-secondary-bg-base);}.c17imvc8:focus {color: var(--palette-secondary-bg-focused);}.c1pyheda:focus {background-color: var(--palette-secondary-color-00);}.cmrvlpl:focus {border-color: var(--palette-secondary-bg-focused);}.cyn1enc:hover {color: var(--palette-secondary-bg-hovered);}.c1qtt8tw:hover {background-color: var(--palette-secondary-color-00);}.croqd2h:hover {border-color: var(--palette-secondary-bg-hovered);}.c1y4157w:active {color: var(--palette-secondary-bg-selected);}.cp03v8f:active {background-color: var(--palette-secondary-color-10);}.cd4ywjx:active {border-color: var(--palette-secondary-bg-selected);}.c1nip65l:disabled {color: var(--palette-secondary-bg-disabled);}.cng3lqv:disabled {background-color: transparent;}.c741620:disabled {border-color: var(--palette-secondary-bg-disabled);}.c8sgd0m {color: var(--palette-secondary-bg-base);}.c1o4xl7h {background-color: transparent;}.c1oowyan {border-color: transparent;}.c17imvc8:focus {color: var(--palette-secondary-bg-focused);}.c1pyheda:focus {background-color: var(--palette-secondary-color-00);}.c1737530:focus {border-color: var(--palette-secondary-color-00);}.cyn1enc:hover {color: var(--palette-secondary-bg-hovered);}.c1qtt8tw:hover {background-color: var(--palette-secondary-color-00);}.c1840cmu:hover {border-color: var(--palette-secondary-color-00);}.c1y4157w:active {color: var(--palette-secondary-bg-selected);}.cp03v8f:active {background-color: var(--palette-secondary-color-10);}.c398jod:active {border-color: var(--palette-secondary-color-10);}.c1nip65l:disabled {color: var(--palette-secondary-bg-disabled);}.cng3lqv:disabled {background-color: transparent;}.ceqmz9x:disabled {border-color: transparent;}.c1mj9ppo {color: var(--palette-tertiary-fg-base);}.c18cf2jv {background-color: var(--palette-tertiary-bg-base);}.ce34cdl {border-color: var(--palette-tertiary-bg-base);}.c1j6mexu:focus {color: var(--palette-tertiary-fg-focused);}.ccnyu3p:focus {background-color: var(--palette-tertiary-bg-focused);}.ctj63jb:focus {border-color: var(--palette-tertiary-bg-focused);}.ck4sduq:hover {color: var(--palette-tertiary-fg-hovered);}.c2c9kth:hover {background-color: var(--palette-tertiary-bg-hovered);}.c10cnzc7:hover {border-color: var(--palette-tertiary-bg-hovered);}.c13tf3om:active {color: var(--palette-tertiary-fg-selected);}.c1jkanwh:active {background-color: var(--palette-tertiary-bg-selected);}.cf1lzgj:active {border-color: var(--palette-tertiary-bg-selected);}.c1u7o9vn:disabled {color: var(--palette-tertiary-fg-disabled);}.cn73gas:disabled {background-color: var(--palette-tertiary-bg-disabled);}.c1ftsvt2:disabled {border-color: var(--palette-tertiary-bg-disabled);}.c87xp48 {color: var(--palette-tertiary-bg-base);}.c1o4xl7h {background-color: transparent;}.ce34cdl {border-color: var(--palette-tertiary-bg-base);}.c17l54bq:focus {color: var(--palette-tertiary-bg-focused);}.c1hegxqo:focus {background-color: var(--palette-tertiary-color-00);}.ctj63jb:focus {border-color: var(--palette-tertiary-bg-focused);}.c8j5ana:hover {color: var(--palette-tertiary-bg-hovered);}.c1i9yqu2:hover {background-color: var(--palette-tertiary-color-00);}.c10cnzc7:hover {border-color: var(--palette-tertiary-bg-hovered);}.c1cw5bky:active {color: var(--palette-tertiary-bg-selected);}.c1r0c381:active {background-color: var(--palette-tertiary-color-10);}.cf1lzgj:active {border-color: var(--palette-tertiary-bg-selected);}.c1gtj0jr:disabled {color: var(--palette-tertiary-bg-disabled);}.cng3lqv:disabled {background-color: transparent;}.c1ftsvt2:disabled {border-color: var(--palette-tertiary-bg-disabled);}.c87xp48 {color: var(--palette-tertiary-bg-base);}.c1o4xl7h {background-color: transparent;}.c1oowyan {border-color: transparent;}.c17l54bq:focus {color: var(--palette-tertiary-bg-focused);}.c1hegxqo:focus {background-color: var(--palette-tertiary-color-00);}.c1lwo7ki:focus {border-color: var(--palette-tertiary-color-00);}.c8j5ana:hover {color: var(--palette-tertiary-bg-hovered);}.c1i9yqu2:hover {background-color: var(--palette-tertiary-color-00);}.c1mxn0wo:hover {border-color: var(--palette-tertiary-color-00);}.c1cw5bky:active {color: var(--palette-tertiary-bg-selected);}.c1r0c381:active {background-color: var(--palette-tertiary-color-10);}.c1ecbzpv:active {border-color: var(--palette-tertiary-color-10);}.c1gtj0jr:disabled {color: var(--palette-tertiary-bg-disabled);}.cng3lqv:disabled {background-color: transparent;}.ceqmz9x:disabled {border-color: transparent;}.covl825 {color: var(--palette-neutral-fg-base);}.cj05wkq {background-color: var(--palette-neutral-bg-base);}.cfrhdt4 {border-color: var(--palette-neutral-bg-base);}.c1odmu9v:focus {color: var(--palette-neutral-fg-focused);}.caxc3c4:focus {background-color: var(--palette-neutral-bg-focused);}.cc0nv52:focus {border-color: var(--palette-neutral-bg-focused);}.c12wbeyr:hover {color: var(--palette-neutral-fg-hovered);}.cby4jfo:hover {background-color: var(--palette-neutral-bg-hovered);}.c1dfh5ra:hover {border-color: var(--palette-neutral-bg-hovered);}.c1bdcdwn:active {color: var(--palette-neutral-fg-selected);}.cjvrmjk:active {background-color: var(--palette-neutral-bg-selected);}.cx3v9cy:active {border-color: var(--palette-neutral-bg-selected);}.ce923j6:disabled {color: var(--palette-neutral-fg-disabled);}.c1ruayt:disabled {background-color: var(--palette-neutral-bg-disabled);}.cys8kav:disabled {border-color: var(--palette-neutral-bg-disabled);}.c1u2fyq1 {color: var(--palette-neutral-bg-base);}.c1o4xl7h {background-color: transparent;}.cfrhdt4 {border-color: var(--palette-neutral-bg-base);}.c1devu4n:focus {color: var(--palette-neutral-bg-focused);}.c13d7uwh:focus {background-color: var(--palette-neutral-color-00);}.cc0nv52:focus {border-color: var(--palette-neutral-bg-focused);}.crxem87:hover {color: var(--palette-neutral-bg-hovered);}.c133sr3v:hover {background-color: var(--palette-neutral-color-00);}.c1dfh5ra:hover {border-color: var(--palette-neutral-bg-hovered);}.czlz0bn:active {color: var(--palette-neutral-bg-selected);}.ccykqpc:active {background-color: var(--palette-neutral-color-10);}.cx3v9cy:active {border-color: var(--palette-neutral-bg-selected);}.c1485kyu:disabled {color: var(--palette-neutral-bg-disabled);}.cng3lqv:disabled {background-color: transparent;}.cys8kav:disabled {border-color: var(--palette-neutral-bg-disabled);}.c1u2fyq1 {color: var(--palette-neutral-bg-base);}.c1o4xl7h {background-color: transparent;}.c1oowyan {border-color: transparent;}.c1devu4n:focus {color: var(--palette-neutral-bg-focused);}.c13d7uwh:focus {background-color: var(--palette-neutral-color-00);}.c1825hv7:focus {border-color: var(--palette-neutral-color-00);}.crxem87:hover {color: var(--palette-neutral-bg-hovered);}.c133sr3v:hover {background-color: var(--palette-neutral-color-00);}.c17n90zd:hover {border-color: var(--palette-neutral-color-00);}.czlz0bn:active {color: var(--palette-neutral-bg-selected);}.ccykqpc:active {background-color: var(--palette-neutral-color-10);}.cor7vjm:active {border-color: var(--palette-neutral-color-10);}.c1485kyu:disabled {color: var(--palette-neutral-bg-disabled);}.cng3lqv:disabled {background-color: transparent;}.ceqmz9x:disabled {border-color: transparent;}.c1n725ed {color: var(--palette-muted-fg-base);}.ccfydiq {background-color: var(--palette-muted-bg-base);}.c81yltc {border-color: var(--palette-muted-bg-base);}.c1b2v40r:focus {color: var(--palette-muted-fg-focused);}.c1qqtsu4:focus {background-color: var(--palette-muted-bg-focused);}.c1rx92v2:focus {border-color: var(--palette-muted-bg-focused);}.chtsl3v:hover {color: var(--palette-muted-fg-hovered);}.c1rs0fr0:hover {background-color: var(--palette-muted-bg-hovered);}.c1lwata6:hover {border-color: var(--palette-muted-bg-hovered);}.cxm4apr:active {color: var(--palette-muted-fg-selected);}.c4qunqw:active {background-color: var(--palette-muted-bg-selected);}.ci79ptm:active {border-color: var(--palette-muted-bg-selected);}.c1pzghx6:disabled {color: var(--palette-muted-fg-disabled);}.c1jc2hct:disabled {background-color: var(--palette-muted-bg-disabled);}.cm4qfq7:disabled {border-color: var(--palette-muted-bg-disabled);}.cz360r5 {color: var(--palette-muted-bg-base);}.c1o4xl7h {background-color: transparent;}.c81yltc {border-color: var(--palette-muted-bg-base);}.c27ztzz:focus {color: var(--palette-muted-bg-focused);}.c1jp8iqx:focus {background-color: var(--palette-muted-color-00);}.c1rx92v2:focus {border-color: var(--palette-muted-bg-focused);}.c17zvkgv:hover {color: var(--palette-muted-bg-hovered);}.c1np0gdf:hover {background-color: var(--palette-muted-color-00);}.c1lwata6:hover {border-color: var(--palette-muted-bg-hovered);}.c3sv3gb:active {color: var(--palette-muted-bg-selected);}.c1so8ijs:active {background-color: var(--palette-muted-color-10);}.ci79ptm:active {border-color: var(--palette-muted-bg-selected);}.cxhyc3i:disabled {color: var(--palette-muted-bg-disabled);}.cng3lqv:disabled {background-color: transparent;}.cm4qfq7:disabled {border-color: var(--palette-muted-bg-disabled);}.cz360r5 {color: var(--palette-muted-bg-base);}.c1o4xl7h {background-color: transparent;}.c1oowyan {border-color: transparent;}.c27ztzz:focus {color: var(--palette-muted-bg-focused);}.c1jp8iqx:focus {background-color: var(--palette-muted-color-00);}.cvyh3l7:focus {border-color: var(--palette-muted-color-00);}.c17zvkgv:hover {color: var(--palette-muted-bg-hovered);}.c1np0gdf:hover {background-color: var(--palette-muted-color-00);}.c103qeht:hover {border-color: var(--palette-muted-color-00);}.c3sv3gb:active {color: var(--palette-muted-bg-selected);}.c1so8ijs:active {background-color: var(--palette-muted-color-10);}.c1l4umne:active {border-color: var(--palette-muted-color-10);}.cxhyc3i:disabled {color: var(--palette-muted-bg-disabled);}.cng3lqv:disabled {background-color: transparent;}.ceqmz9x:disabled {border-color: transparent;}.cjzlyxv {color: var(--palette-danger-fg-base);}.cfhxvpg {background-color: var(--palette-danger-bg-base);}.c1uirj5y {border-color: var(--palette-danger-bg-base);}.c1ieg9rh:focus {color: var(--palette-danger-fg-focused);}.c5qy0lm:focus {background-color: var(--palette-danger-bg-focused);}.ckigvm0:focus {border-color: var(--palette-danger-bg-focused);}.cjvumzx:hover {color: var(--palette-danger-fg-hovered);}.cdd2qfe:hover {background-color: var(--palette-danger-bg-hovered);}.c1jz8dvs:hover {border-color: var(--palette-danger-bg-hovered);}.cyauu15:active {color: var(--palette-danger-fg-selected);}.c1omeej2:active {background-color: var(--palette-danger-bg-selected);}.ct2dj9o:active {border-color: var(--palette-danger-bg-selected);}.c1pym564:disabled {color: var(--palette-danger-fg-disabled);}.coxfyj:disabled {background-color: var(--palette-danger-bg-disabled);}.c10a79l:disabled {border-color: var(--palette-danger-bg-disabled);}.cqua04n {color: var(--palette-danger-bg-base);}.c1o4xl7h {background-color: transparent;}.c1uirj5y {border-color: var(--palette-danger-bg-base);}.co1x5yh:focus {color: var(--palette-danger-bg-focused);}.c1yiozzz:focus {background-color: var(--palette-danger-color-00);}.ckigvm0:focus {border-color: var(--palette-danger-bg-focused);}.c1okldrd:hover {color: var(--palette-danger-bg-hovered);}.c1y3mqwl:hover {background-color: var(--palette-danger-color-00);}.c1jz8dvs:hover {border-color: var(--palette-danger-bg-hovered);}.c1ntcsgd:active {color: var(--palette-danger-bg-selected);}.c1uzhsu:active {background-color: var(--palette-danger-color-10);}.ct2dj9o:active {border-color: var(--palette-danger-bg-selected);}.cq29h60:disabled {color: var(--palette-danger-bg-disabled);}.cng3lqv:disabled {background-color: transparent;}.c10a79l:disabled {border-color: var(--palette-danger-bg-disabled);}.cqua04n {color: var(--palette-danger-bg-base);}.c1o4xl7h {background-color: transparent;}.c1oowyan {border-color: transparent;}.co1x5yh:focus {color: var(--palette-danger-bg-focused);}.c1yiozzz:focus {background-color: var(--palette-danger-color-00);}.c1qpwfy5:focus {border-color: var(--palette-danger-color-00);}.c1okldrd:hover {color: var(--palette-danger-bg-hovered);}.c1y3mqwl:hover {background-color: var(--palette-danger-color-00);}.c1qgbjxz:hover {border-color: var(--palette-danger-color-00);}.c1ntcsgd:active {color: var(--palette-danger-bg-selected);}.c1uzhsu:active {background-color: var(--palette-danger-color-10);}.c1fgosyk:active {border-color: var(--palette-danger-color-10);}.cq29h60:disabled {color: var(--palette-danger-bg-disabled);}.cng3lqv:disabled {background-color: transparent;}.ceqmz9x:disabled {border-color: transparent;}.c1nykkb6 {color: var(--palette-warning-fg-base);}.c3x9w2d {background-color: var(--palette-warning-bg-base);}.cin4dcn {border-color: var(--palette-warning-bg-base);}.c1jtm718:focus {color: var(--palette-warning-fg-focused);}.c11zcr4r:focus {background-color: var(--palette-warning-bg-focused);}.c1woskih:focus {border-color: var(--palette-warning-bg-focused);}.c1yd900s:hover {color: var(--palette-warning-fg-hovered);}.cqpvtgb:hover {background-color: var(--palette-warning-bg-hovered);}.cdsjra1:hover {border-color: var(--palette-warning-bg-hovered);}.cixqyfs:active {color: var(--palette-warning-fg-selected);}.c17updvj:active {background-color: var(--palette-warning-bg-selected);}.c1t1bqd9:active {border-color: var(--palette-warning-bg-selected);}.co7eq8t:disabled {color: var(--palette-warning-fg-disabled);}.co3qhcq:disabled {background-color: var(--palette-warning-bg-disabled);}.cfjma3c:disabled {border-color: var(--palette-warning-bg-disabled);}.c1jhab12 {color: var(--palette-warning-bg-base);}.c1o4xl7h {background-color: transparent;}.cin4dcn {border-color: var(--palette-warning-bg-base);}.c1ofr34o:focus {color: var(--palette-warning-bg-focused);}.c88lyz2:focus {background-color: var(--palette-warning-color-00);}.c1woskih:focus {border-color: var(--palette-warning-bg-focused);}.c3yfmqg:hover {color: var(--palette-warning-bg-hovered);}.c8ni9fo:hover {background-color: var(--palette-warning-color-00);}.cdsjra1:hover {border-color: var(--palette-warning-bg-hovered);}.cr61vq4:active {color: var(--palette-warning-bg-selected);}.c178mxf3:active {background-color: var(--palette-warning-color-10);}.c1t1bqd9:active {border-color: var(--palette-warning-bg-selected);}.c1p4bas9:disabled {color: var(--palette-warning-bg-disabled);}.cng3lqv:disabled {background-color: transparent;}.cfjma3c:disabled {border-color: var(--palette-warning-bg-disabled);}.c1jhab12 {color: var(--palette-warning-bg-base);}.c1o4xl7h {background-color: transparent;}.c1oowyan {border-color: transparent;}.c1ofr34o:focus {color: var(--palette-warning-bg-focused);}.c88lyz2:focus {background-color: var(--palette-warning-color-00);}.c1uqu30s:focus {border-color: var(--palette-warning-color-00);}.c3yfmqg:hover {color: var(--palette-warning-bg-hovered);}.c8ni9fo:hover {background-color: var(--palette-warning-color-00);}.c1v09d8m:hover {border-color: var(--palette-warning-color-00);}.cr61vq4:active {color: var(--palette-warning-bg-selected);}.c178mxf3:active {background-color: var(--palette-warning-color-10);}.cutyb1p:active {border-color: var(--palette-warning-color-10);}.c1p4bas9:disabled {color: var(--palette-warning-bg-disabled);}.cng3lqv:disabled {background-color: transparent;}.ceqmz9x:disabled {border-color: transparent;}.c17nfkzf {color: var(--palette-negative-fg-base);}.cwgkc64 {background-color: var(--palette-negative-bg-base);}.c1kgx3tq {border-color: var(--palette-negative-bg-base);}.c4koiwl:focus {color: var(--palette-negative-fg-focused);}.c1brxej6:focus {background-color: var(--palette-negative-bg-focused);}.c91s500:focus {border-color: var(--palette-negative-bg-focused);}.c1p91ulx:hover {color: var(--palette-negative-fg-hovered);}.cislrbm:hover {background-color: var(--palette-negative-bg-hovered);}.c2c8ej4:hover {border-color: var(--palette-negative-bg-hovered);}.c1yu8wup:active {color: var(--palette-negative-fg-selected);}.c1g9gs0m:active {background-color: var(--palette-negative-bg-selected);}.c1xce45w:active {border-color: var(--palette-negative-bg-selected);}.cxxlv8:disabled {color: var(--palette-negative-fg-disabled);}.cjdryab:disabled {background-color: var(--palette-negative-bg-disabled);}.c1ljzbl:disabled {border-color: var(--palette-negative-bg-disabled);}.c10yzj0f {color: var(--palette-negative-bg-base);}.c1o4xl7h {background-color: transparent;}.c1kgx3tq {border-color: var(--palette-negative-bg-base);}.c13hl0x:focus {color: var(--palette-negative-bg-focused);}.c1ltut47:focus {background-color: var(--palette-negative-color-00);}.c91s500:focus {border-color: var(--palette-negative-bg-focused);}.c1ls0pbl:hover {color: var(--palette-negative-bg-hovered);}.c1pyyb1p:hover {background-color: var(--palette-negative-color-00);}.c2c8ej4:hover {border-color: var(--palette-negative-bg-hovered);}.c1pzy3f9:active {color: var(--palette-negative-bg-selected);}.c1ksxqbq:active {background-color: var(--palette-negative-color-10);}.c1xce45w:active {border-color: var(--palette-negative-bg-selected);}.c1k6ne5s:disabled {color: var(--palette-negative-bg-disabled);}.cng3lqv:disabled {background-color: transparent;}.c1ljzbl:disabled {border-color: var(--palette-negative-bg-disabled);}.c10yzj0f {color: var(--palette-negative-bg-base);}.c1o4xl7h {background-color: transparent;}.c1oowyan {border-color: transparent;}.c13hl0x:focus {color: var(--palette-negative-bg-focused);}.c1ltut47:focus {background-color: var(--palette-negative-color-00);}.c194axx:focus {border-color: var(--palette-negative-color-00);}.c1ls0pbl:hover {color: var(--palette-negative-bg-hovered);}.c1pyyb1p:hover {background-color: var(--palette-negative-color-00);}.c58qflb:hover {border-color: var(--palette-negative-color-00);}.c1pzy3f9:active {color: var(--palette-negative-bg-selected);}.c1ksxqbq:active {background-color: var(--palette-negative-color-10);}.c13p3v44:active {border-color: var(--palette-negative-color-10);}.c1k6ne5s:disabled {color: var(--palette-negative-bg-disabled);}.cng3lqv:disabled {background-color: transparent;}.ceqmz9x:disabled {border-color: transparent;}.c6l6cs3 {color: var(--palette-positive-fg-base);}.cqiwkic {background-color: var(--palette-positive-bg-base);}.c1syia52 {border-color: var(--palette-positive-bg-base);}.csf3fct:focus {color: var(--palette-positive-fg-focused);}.c1tm7qfu:focus {background-color: var(--palette-positive-bg-focused);}.c1lipdso:focus {border-color: var(--palette-positive-bg-focused);}.c1e2hu9p:hover {color: var(--palette-positive-fg-hovered);}.c7qb5qy:hover {background-color: var(--palette-positive-bg-hovered);}.c1tga120:hover {border-color: var(--palette-positive-bg-hovered);}.c122ycnt:active {color: var(--palette-positive-fg-selected);}.c1mjt9um:active {background-color: var(--palette-positive-bg-selected);}.c11v0c0s:active {border-color: var(--palette-positive-bg-selected);}.c16kxa2k:disabled {color: var(--palette-positive-fg-disabled);}.ck3753v:disabled {background-color: var(--palette-positive-bg-disabled);}.c1857xzt:disabled {border-color: var(--palette-positive-bg-disabled);}.c76glyv {color: var(--palette-positive-bg-base);}.c1o4xl7h {background-color: transparent;}.c1syia52 {border-color: var(--palette-positive-bg-base);}.cyyrg9:focus {color: var(--palette-positive-bg-focused);}.c8jlpkf:focus {background-color: var(--palette-positive-color-00);}.c1lipdso:focus {border-color: var(--palette-positive-bg-focused);}.cmmiyyh:hover {color: var(--palette-positive-bg-hovered);}.c7impt1:hover {background-color: var(--palette-positive-color-00);}.c1tga120:hover {border-color: var(--palette-positive-bg-hovered);}.c12xbsbh:active {color: var(--palette-positive-bg-selected);}.c1geb7wu:active {background-color: var(--palette-positive-color-10);}.c11v0c0s:active {border-color: var(--palette-positive-bg-selected);}.c1plhr5k:disabled {color: var(--palette-positive-bg-disabled);}.cng3lqv:disabled {background-color: transparent;}.c1857xzt:disabled {border-color: var(--palette-positive-bg-disabled);}.c76glyv {color: var(--palette-positive-bg-base);}.c1o4xl7h {background-color: transparent;}.c1oowyan {border-color: transparent;}.cyyrg9:focus {color: var(--palette-positive-bg-focused);}.c8jlpkf:focus {background-color: var(--palette-positive-color-00);}.c80askt:focus {border-color: var(--palette-positive-color-00);}.cmmiyyh:hover {color: var(--palette-positive-bg-hovered);}.c7impt1:hover {background-color: var(--palette-positive-color-00);}.c74t5wn:hover {border-color: var(--palette-positive-color-00);}.c12xbsbh:active {color: var(--palette-positive-bg-selected);}.c1geb7wu:active {background-color: var(--palette-positive-color-10);}.c9jtfv0:active {border-color: var(--palette-positive-color-10);}.c1plhr5k:disabled {color: var(--palette-positive-bg-disabled);}.cng3lqv:disabled {background-color: transparent;}.ceqmz9x:disabled {border-color: transparent;}.csjf8sr {color: red;}"`;
