// Jest Snapshot v1, https://goo.gl/fbAQLP

exports[`Box renders the box styles 1`] = `".c4n8yy0 {display: flex;}.c13kbekr {margin: 0;}.cqmlbj8 {padding: 0;}.c1ht7y6v {list-style: none;}.c1fh3frr {align-content: baseline;}.ckqeief {align-content: center;}.cwlwkhv {align-content: end;}.c17s6ji1 {align-content: flex-end;}.c2pa7sm {align-content: flex-start;}.cuo9hcv {align-content: normal;}.cr3fhy5 {align-content: safe;}.c10k3ayu {align-content: space-around;}.c1iss4bz {align-content: space-between;}.c1eglky0 {align-content: space-evenly;}.c1rhwx4c {align-content: start;}.c7xm1c3 {align-content: stretch;}.c1kvv06e {align-content: unsafe;}.c1mcbrfc {align-items: baseline;}.c15h9hk8 {align-items: center;}.c1mnp32k {align-items: end;}.cxqk6u {align-items: flex-end;}.cfhcfi1 {align-items: flex-start;}.c4c6974 {align-items: normal;}.cattwnm {align-items: safe;}.c1hbgmgt {align-items: self-end;}.cy5rxiq {align-items: self-start;}.ct16uqr {align-items: start;}.cad9k5o {align-items: stretch;}.czhj38p {align-items: unsafe;}.c11sa73q {align-self: auto;}.c50su02 {align-self: baseline;}.c548toy {align-self: center;}.c8d6o3w {align-self: flex-end;}.c1rf4m77 {align-self: flex-start;}.ce5nrze {align-self: normal;}.c112fors {align-self: safe;}.ccy8iv {align-self: self-end;}.c14c7jgo {align-self: self-start;}.ciuyth2 {align-self: stretch;}.cvrvfsj {align-self: unsafe;}.cdx6gi4 {flex-direction: column;}.c3ceald {flex-direction: column-reverse;}.co6ao34 {flex-direction: row;}.cdgl4u5 {flex-direction: row-reverse;}.c1c51rl0 {justify-content: center;}.cnceuww {justify-content: end;}.c1rpm0l6 {justify-content: flex-end;}.cbgwkvp {justify-content: flex-start;}.covi1dg {justify-content: left;}.c1k5r2ak {justify-content: normal;}.c14w7du7 {justify-content: right;}.c1kacjj2 {justify-content: safe;}.c1njp0xx {justify-content: space-around;}.cfi6kh8 {justify-content: space-between;}.c8o2b63 {justify-content: space-evenly;}.c1fol5rj {justify-content: start;}.c1lk4411 {justify-content: unsafe;}.c193j6ji {flex-wrap: nowrap;}.c164ecv3 {flex-wrap: wrap;}.c9n48wi {flex-wrap: wrap-reverse;}.ceq1ljg {display: inline-flex;}.c14t3bnn {flex-grow: var(--box-grow);}.c1u1jhtv {flex-shrink: var(--box-shrink);}.c1636tmh {order: var(--box-order);}.c15t3j1l> *:not(:last-child) {margin-right: var(--gap);}.cx3eaue> *:not(:last-child) {margin-bottom: var(--gap);}.c1g5rurh {padding: var(--spacing-all);}.cibiy7j {padding: var(--spacing-xxs);}.cj52zuf {padding: var(--spacing-xs);}.cfxizb6 {padding: var(--spacing-sm);}.c1xb6ewu {padding: var(--spacing-df);}.c1ugvpp1 {padding: var(--spacing-md);}.c15ovmnr {padding: var(--spacing-lg);}.cyup0mg {padding: var(--spacing-xl);}.c1b71xjk {padding: var(--spacing-xxl);}.cw2ew7o {padding-left: var(--spacing-horizontal);}.c1yx0hov {padding-right: var(--spacing-horizontal);}.c54gyhl {padding-left: var(--spacing-xxs);}.c1rv52ci {padding-right: var(--spacing-xxs);}.c11b8tkx {padding-left: var(--spacing-xs);}.c1pyn0u2 {padding-right: var(--spacing-xs);}.c2n2las {padding-left: var(--spacing-sm);}.c1oyd0wf {padding-right: var(--spacing-sm);}.cfnz2qw {padding-left: var(--spacing-df);}.c1mj2ayb {padding-right: var(--spacing-df);}.cjyu3z7 {padding-left: var(--spacing-md);}.cv7x7q0 {padding-right: var(--spacing-md);}.c1nv22ip {padding-left: var(--spacing-lg);}.cos7m2i {padding-right: var(--spacing-lg);}.c11mjqpq {padding-left: var(--spacing-xl);}.c12aiuhx {padding-right: var(--spacing-xl);}.c14crmme {padding-left: var(--spacing-xxl);}.cjgzuzh {padding-right: var(--spacing-xxl);}.cplmy08 {padding-top: var(--spacing-vertical);}.c13z83ws {padding-bottom: var(--spacing-vertical);}.c1bowjs9 {padding-top: var(--spacing-xxs);}.cefgwml {padding-bottom: var(--spacing-xxs);}.c1yh1hbl {padding-top: var(--spacing-xs);}.c1beclth {padding-bottom: var(--spacing-xs);}.cwdul6s {padding-top: var(--spacing-sm);}.c16ip6ow {padding-bottom: var(--spacing-sm);}.c5vcj94 {padding-top: var(--spacing-df);}.cy689wc {padding-bottom: var(--spacing-df);}.c17rw3f7 {padding-top: var(--spacing-md);}.cglihxz {padding-bottom: var(--spacing-md);}.cavyxdd {padding-top: var(--spacing-lg);}.cs15051 {padding-bottom: var(--spacing-lg);}.c1atx52m {padding-top: var(--spacing-xl);}.c11w6nd6 {padding-bottom: var(--spacing-xl);}.cnhixp2 {padding-top: var(--spacing-xxl);}.cqtbhki {padding-bottom: var(--spacing-xxl);}.c1f31uz5 {padding-top: var(--spacing-top);}.c1bowjs9 {padding-top: var(--spacing-xxs);}.c1yh1hbl {padding-top: var(--spacing-xs);}.cwdul6s {padding-top: var(--spacing-sm);}.c5vcj94 {padding-top: var(--spacing-df);}.c17rw3f7 {padding-top: var(--spacing-md);}.cavyxdd {padding-top: var(--spacing-lg);}.c1atx52m {padding-top: var(--spacing-xl);}.cnhixp2 {padding-top: var(--spacing-xxl);}.c1o3yudt {padding-bottom: var(--spacing-bottom);}.cefgwml {padding-bottom: var(--spacing-xxs);}.c1beclth {padding-bottom: var(--spacing-xs);}.c16ip6ow {padding-bottom: var(--spacing-sm);}.cy689wc {padding-bottom: var(--spacing-df);}.cglihxz {padding-bottom: var(--spacing-md);}.cs15051 {padding-bottom: var(--spacing-lg);}.c11w6nd6 {padding-bottom: var(--spacing-xl);}.cqtbhki {padding-bottom: var(--spacing-xxl);}.c1yeaeq2 {padding-left: var(--spacing-start);}.c54gyhl {padding-left: var(--spacing-xxs);}.c11b8tkx {padding-left: var(--spacing-xs);}.c2n2las {padding-left: var(--spacing-sm);}.cfnz2qw {padding-left: var(--spacing-df);}.cjyu3z7 {padding-left: var(--spacing-md);}.c1nv22ip {padding-left: var(--spacing-lg);}.c11mjqpq {padding-left: var(--spacing-xl);}.c14crmme {padding-left: var(--spacing-xxl);}.cdpbbi6 {padding-right: var(--spacing-end);}.c1rv52ci {padding-right: var(--spacing-xxs);}.c1pyn0u2 {padding-right: var(--spacing-xs);}.c1oyd0wf {padding-right: var(--spacing-sm);}.c1mj2ayb {padding-right: var(--spacing-df);}.cv7x7q0 {padding-right: var(--spacing-md);}.cos7m2i {padding-right: var(--spacing-lg);}.c12aiuhx {padding-right: var(--spacing-xl);}.cjgzuzh {padding-right: var(--spacing-xxl);}.c15c9dnj {box-shadow: var(--shadow-xs-x) var(--shadow-xs-y) var(--shadow-xs-blur) var(--shadow-xs-spread) rgba(0, 0, 0, .8);}.co1m4cf {box-shadow: var(--shadow-sm-x) var(--shadow-sm-y) var(--shadow-sm-blur) var(--shadow-sm-spread) rgba(0, 0, 0, .8);}.c7d7xjz {box-shadow: var(--shadow-md-x) var(--shadow-md-y) var(--shadow-md-blur) var(--shadow-md-spread) rgba(0, 0, 0, .8);}.cm94rxb {box-shadow: var(--shadow-lg-x) var(--shadow-lg-y) var(--shadow-lg-blur) var(--shadow-lg-spread) rgba(0, 0, 0, .8);}.c18d7en {box-shadow: var(--shadow-xl-x) var(--shadow-xl-y) var(--shadow-xl-blur) var(--shadow-xl-spread) rgba(0, 0, 0, .8);}"`;
